
> angular@0.0.0 start
> ng serve --host 0.0.0.0  --no-hmr --disable-host-check --port 3000

Warning: Running a server with --disable-host-check is a security risk. See https://medium.com/webpack/webpack-dev-server-middleware-security-issues-1489d950874a for more information.
The "disableHostCheck" option will not be used because it is not supported by the "@angular-devkit/build-angular:application" builder.
❯ Building...
✔ Building...
Browser bundles     
Initial chunk files  | Names            |  Raw size
polyfills.js         | polyfills        |  90.20 kB | 
main.js              | main             |  22.59 kB | 
styles.css           | styles           |  95 bytes | 

                     | Initial total    | 112.88 kB


Server bundles      
Initial chunk files  | Names            |  Raw size
polyfills.server.mjs | polyfills.server | 572.91 kB | 
chunk-6XEG6CM6.mjs   | -                |  23.02 kB | 
server.mjs           | server           |   1.39 kB | 
main.server.mjs      | main.server      | 800 bytes | 

Application bundle generation complete. [1.904 seconds]

Watch mode enabled. Watching for file changes...
NOTE: Raw file sizes do not reflect development server per-request transformations.
  ➜  Local:   http://localhost:3000/
  ➜  Network: http://172.17.0.2:3000/
❯ Changes detected. Rebuilding...
✔ Changes detected. Rebuilding...
Application bundle generation failed. [0.513 seconds]

▲ [WARNING] TS-998113: TicTacToeComponent is not used within the template of AppComponent [plugin angular-compiler]

    src/app/app.component.ts:9:26:
      9 │   imports: [RouterOutlet, TicTacToeComponent],
        ╵                           ~~~~~~~~~~~~~~~~~~


▲ [WARNING] NG8103: The `*ngIf` directive was used in the template, but neither the `NgIf` directive nor the `CommonModule` was imported. Use Angular's built-in control flow @if or make sure that either the `NgIf` directive or the `CommonModule` is included in the `@Component.imports` array of this component. [plugin angular-compiler]

    src/app/tic-tac-toe.component.html:3:25:
      3 │   <p class="ttt-status" *ngIf="!isGameOver">Current turn: <span [ng...
        ╵                          ~~~~

  Error occurs in the template of component TicTacToeComponent.

    src/app/tic-tac-toe.component.ts:7:15:
      7 │   templateUrl: './tic-tac-toe.component.html',
        ╵                ~~~~~~~~~~~~~~~~~~~~~~~~~~~~~~


▲ [WARNING] NG8103: The `*ngIf` directive was used in the template, but neither the `NgIf` directive nor the `CommonModule` was imported. Use Angular's built-in control flow @if or make sure that either the `NgIf` directive or the `CommonModule` is included in the `@Component.imports` array of this component. [plugin angular-compiler]

    src/app/tic-tac-toe.component.html:4:25:
      4 │   <p class="ttt-status" *ngIf="status === 'Draw'">It's a draw!</p>
        ╵                          ~~~~

  Error occurs in the template of component TicTacToeComponent.

    src/app/tic-tac-toe.component.ts:7:15:
      7 │   templateUrl: './tic-tac-toe.component.html',
        ╵                ~~~~~~~~~~~~~~~~~~~~~~~~~~~~~~


▲ [WARNING] NG8103: The `*ngIf` directive was used in the template, but neither the `NgIf` directive nor the `CommonModule` was imported. Use Angular's built-in control flow @if or make sure that either the `NgIf` directive or the `CommonModule` is included in the `@Component.imports` array of this component. [plugin angular-compiler]

    src/app/tic-tac-toe.component.html:5:25:
      5 │   <p class="ttt-status" *ngIf="status === 'X'">Winner: <span class=...
        ╵                          ~~~~

  Error occurs in the template of component TicTacToeComponent.

    src/app/tic-tac-toe.component.ts:7:15:
      7 │   templateUrl: './tic-tac-toe.component.html',
        ╵                ~~~~~~~~~~~~~~~~~~~~~~~~~~~~~~


▲ [WARNING] NG8103: The `*ngIf` directive was used in the template, but neither the `NgIf` directive nor the `CommonModule` was imported. Use Angular's built-in control flow @if or make sure that either the `NgIf` directive or the `CommonModule` is included in the `@Component.imports` array of this component. [plugin angular-compiler]

    src/app/tic-tac-toe.component.html:6:25:
      6 │   <p class="ttt-status" *ngIf="status === 'O'">Winner: <span class=...
        ╵                          ~~~~

  Error occurs in the template of component TicTacToeComponent.

    src/app/tic-tac-toe.component.ts:7:15:
      7 │   templateUrl: './tic-tac-toe.component.html',
        ╵                ~~~~~~~~~~~~~~~~~~~~~~~~~~~~~~


▲ [WARNING] NG8103: The `*ngFor` directive was used in the template, but neither the `NgFor` directive nor the `CommonModule` was imported. Use Angular's built-in control flow @for or make sure that either the `NgFor` directive or the `CommonModule` is included in the `@Component.imports` array of this component. [plugin angular-compiler]

    src/app/tic-tac-toe.component.html:9:10:
      9 │     <div *ngFor="let row of board; let ri = index" class="ttt-row">
        ╵           ~~~~~

  Error occurs in the template of component TicTacToeComponent.

    src/app/tic-tac-toe.component.ts:7:15:
      7 │   templateUrl: './tic-tac-toe.component.html',
        ╵                ~~~~~~~~~~~~~~~~~~~~~~~~~~~~~~


▲ [WARNING] NG8103: The `*ngFor` directive was used in the template, but neither the `NgFor` directive nor the `CommonModule` was imported. Use Angular's built-in control flow @for or make sure that either the `NgFor` directive or the `CommonModule` is included in the `@Component.imports` array of this component. [plugin angular-compiler]

    src/app/tic-tac-toe.component.html:12:9:
      12 │         *ngFor="let cell of row; let ci = index"
         ╵          ~~~~~

  Error occurs in the template of component TicTacToeComponent.

    src/app/tic-tac-toe.component.ts:7:15:
      7 │   templateUrl: './tic-tac-toe.component.html',
        ╵                ~~~~~~~~~~~~~~~~~~~~~~~~~~~~~~


▲ [WARNING] NG8103: The `*ngIf` directive was used in the template, but neither the `NgIf` directive nor the `CommonModule` was imported. Use Angular's built-in control flow @if or make sure that either the `NgIf` directive or the `CommonModule` is included in the `@Component.imports` array of this component. [plugin angular-compiler]

    src/app/tic-tac-toe.component.html:23:35:
      23 │ ...tton class="ttt-restart-btn" *ngIf="isGameOver" (click)="restar...
         ╵                                  ~~~~

  Error occurs in the template of component TicTacToeComponent.

    src/app/tic-tac-toe.component.ts:7:15:
      7 │   templateUrl: './tic-tac-toe.component.html',
        ╵                ~~~~~~~~~~~~~~~~~~~~~~~~~~~~~~


✘ [ERROR] NG9: Property 'title' does not exist on type 'AppComponent'. [plugin angular-compiler]

    src/app/app.component.html:228:20:
      228 │       <h1>Hello, {{ title }}</h1>
          ╵                     ~~~~~

  Error occurs in the template of component AppComponent.

    src/app/app.component.ts:10:15:
      10 │   templateUrl: './app.component.html',
         ╵                ~~~~~~~~~~~~~~~~~~~~~~


✘ [ERROR] NG8002: Can't bind to 'ngClass' since it isn't a known property of 'span'. [plugin angular-compiler]

    src/app/tic-tac-toe.component.html:3:64:
      3 │ ...Current turn: <span [ngClass]="currentPlayer">{{ currentPlayer }...
        ╵                        ~~~~~~~~~~~~~~~~~~~~~~~~~

  Error occurs in the template of component TicTacToeComponent.

    src/app/tic-tac-toe.component.ts:7:15:
      7 │   templateUrl: './tic-tac-toe.component.html',
        ╵                ~~~~~~~~~~~~~~~~~~~~~~~~~~~~~~


✘ [ERROR] NG8002: Can't bind to 'ngClass' since it isn't a known property of 'button'. [plugin angular-compiler]

    src/app/tic-tac-toe.component.html:15:8:
      15 │         [ngClass]="cell"
         ╵         ~~~~~~~~~~~~~~~~

  Error occurs in the template of component TicTacToeComponent.

    src/app/tic-tac-toe.component.ts:7:15:
      7 │   templateUrl: './tic-tac-toe.component.html',
        ╵                ~~~~~~~~~~~~~~~~~~~~~~~~~~~~~~


✘ [ERROR] NG8002: Can't bind to 'aria-label' since it isn't a known property of 'button'. [plugin angular-compiler]

    src/app/tic-tac-toe.component.html:16:8:
      16 │         aria-label="Cell {{ri+1}},{{ci+1}}"
         ╵         ~~~~~~~~~~~~~~~~~~~~~~~~~~~~~~~~~~~

  Error occurs in the template of component TicTacToeComponent.

    src/app/tic-tac-toe.component.ts:7:15:
      7 │   templateUrl: './tic-tac-toe.component.html',
        ╵                ~~~~~~~~~~~~~~~~~~~~~~~~~~~~~~


❯ Changes detected. Rebuilding...
✔ Changes detected. Rebuilding...
Application bundle generation failed. [0.271 seconds]

▲ [WARNING] NG8103: The `*ngIf` directive was used in the template, but neither the `NgIf` directive nor the `CommonModule` was imported. Use Angular's built-in control flow @if or make sure that either the `NgIf` directive or the `CommonModule` is included in the `@Component.imports` array of this component. [plugin angular-compiler]

    src/app/tic-tac-toe.component.html:3:25:
      3 │   <p class="ttt-status" *ngIf="!isGameOver">Current turn: <span [ng...
        ╵                          ~~~~

  Error occurs in the template of component TicTacToeComponent.

    src/app/tic-tac-toe.component.ts:7:15:
      7 │   templateUrl: './tic-tac-toe.component.html',
        ╵                ~~~~~~~~~~~~~~~~~~~~~~~~~~~~~~


▲ [WARNING] NG8103: The `*ngIf` directive was used in the template, but neither the `NgIf` directive nor the `CommonModule` was imported. Use Angular's built-in control flow @if or make sure that either the `NgIf` directive or the `CommonModule` is included in the `@Component.imports` array of this component. [plugin angular-compiler]

    src/app/tic-tac-toe.component.html:4:25:
      4 │   <p class="ttt-status" *ngIf="status === 'Draw'">It's a draw!</p>
        ╵                          ~~~~

  Error occurs in the template of component TicTacToeComponent.

    src/app/tic-tac-toe.component.ts:7:15:
      7 │   templateUrl: './tic-tac-toe.component.html',
        ╵                ~~~~~~~~~~~~~~~~~~~~~~~~~~~~~~


▲ [WARNING] NG8103: The `*ngIf` directive was used in the template, but neither the `NgIf` directive nor the `CommonModule` was imported. Use Angular's built-in control flow @if or make sure that either the `NgIf` directive or the `CommonModule` is included in the `@Component.imports` array of this component. [plugin angular-compiler]

    src/app/tic-tac-toe.component.html:5:25:
      5 │   <p class="ttt-status" *ngIf="status === 'X'">Winner: <span class=...
        ╵                          ~~~~

  Error occurs in the template of component TicTacToeComponent.

    src/app/tic-tac-toe.component.ts:7:15:
      7 │   templateUrl: './tic-tac-toe.component.html',
        ╵                ~~~~~~~~~~~~~~~~~~~~~~~~~~~~~~


▲ [WARNING] NG8103: The `*ngIf` directive was used in the template, but neither the `NgIf` directive nor the `CommonModule` was imported. Use Angular's built-in control flow @if or make sure that either the `NgIf` directive or the `CommonModule` is included in the `@Component.imports` array of this component. [plugin angular-compiler]

    src/app/tic-tac-toe.component.html:6:25:
      6 │   <p class="ttt-status" *ngIf="status === 'O'">Winner: <span class=...
        ╵                          ~~~~

  Error occurs in the template of component TicTacToeComponent.

    src/app/tic-tac-toe.component.ts:7:15:
      7 │   templateUrl: './tic-tac-toe.component.html',
        ╵                ~~~~~~~~~~~~~~~~~~~~~~~~~~~~~~


▲ [WARNING] NG8103: The `*ngFor` directive was used in the template, but neither the `NgFor` directive nor the `CommonModule` was imported. Use Angular's built-in control flow @for or make sure that either the `NgFor` directive or the `CommonModule` is included in the `@Component.imports` array of this component. [plugin angular-compiler]

    src/app/tic-tac-toe.component.html:9:10:
      9 │     <div *ngFor="let row of board; let ri = index" class="ttt-row">
        ╵           ~~~~~

  Error occurs in the template of component TicTacToeComponent.

    src/app/tic-tac-toe.component.ts:7:15:
      7 │   templateUrl: './tic-tac-toe.component.html',
        ╵                ~~~~~~~~~~~~~~~~~~~~~~~~~~~~~~


▲ [WARNING] NG8103: The `*ngFor` directive was used in the template, but neither the `NgFor` directive nor the `CommonModule` was imported. Use Angular's built-in control flow @for or make sure that either the `NgFor` directive or the `CommonModule` is included in the `@Component.imports` array of this component. [plugin angular-compiler]

    src/app/tic-tac-toe.component.html:12:9:
      12 │         *ngFor="let cell of row; let ci = index"
         ╵          ~~~~~

  Error occurs in the template of component TicTacToeComponent.

    src/app/tic-tac-toe.component.ts:7:15:
      7 │   templateUrl: './tic-tac-toe.component.html',
        ╵                ~~~~~~~~~~~~~~~~~~~~~~~~~~~~~~


▲ [WARNING] NG8103: The `*ngIf` directive was used in the template, but neither the `NgIf` directive nor the `CommonModule` was imported. Use Angular's built-in control flow @if or make sure that either the `NgIf` directive or the `CommonModule` is included in the `@Component.imports` array of this component. [plugin angular-compiler]

    src/app/tic-tac-toe.component.html:23:35:
      23 │ ...tton class="ttt-restart-btn" *ngIf="isGameOver" (click)="restar...
         ╵                                  ~~~~

  Error occurs in the template of component TicTacToeComponent.

    src/app/tic-tac-toe.component.ts:7:15:
      7 │   templateUrl: './tic-tac-toe.component.html',
        ╵                ~~~~~~~~~~~~~~~~~~~~~~~~~~~~~~


✘ [ERROR] NG8002: Can't bind to 'ngClass' since it isn't a known property of 'span'. [plugin angular-compiler]

    src/app/tic-tac-toe.component.html:3:64:
      3 │ ...Current turn: <span [ngClass]="currentPlayer">{{ currentPlayer }...
        ╵                        ~~~~~~~~~~~~~~~~~~~~~~~~~

  Error occurs in the template of component TicTacToeComponent.

    src/app/tic-tac-toe.component.ts:7:15:
      7 │   templateUrl: './tic-tac-toe.component.html',
        ╵                ~~~~~~~~~~~~~~~~~~~~~~~~~~~~~~


✘ [ERROR] NG8002: Can't bind to 'ngClass' since it isn't a known property of 'button'. [plugin angular-compiler]

    src/app/tic-tac-toe.component.html:15:8:
      15 │         [ngClass]="cell"
         ╵         ~~~~~~~~~~~~~~~~

  Error occurs in the template of component TicTacToeComponent.

    src/app/tic-tac-toe.component.ts:7:15:
      7 │   templateUrl: './tic-tac-toe.component.html',
        ╵                ~~~~~~~~~~~~~~~~~~~~~~~~~~~~~~


✘ [ERROR] NG8002: Can't bind to 'aria-label' since it isn't a known property of 'button'. [plugin angular-compiler]

    src/app/tic-tac-toe.component.html:16:8:
      16 │         aria-label="Cell {{ri+1}},{{ci+1}}"
         ╵         ~~~~~~~~~~~~~~~~~~~~~~~~~~~~~~~~~~~

  Error occurs in the template of component TicTacToeComponent.

    src/app/tic-tac-toe.component.ts:7:15:
      7 │   templateUrl: './tic-tac-toe.component.html',
        ╵                ~~~~~~~~~~~~~~~~~~~~~~~~~~~~~~


❯ Changes detected. Rebuilding...
✔ Changes detected. Rebuilding...
Application bundle generation failed. [0.355 seconds]

✘ [ERROR] NG8002: Can't bind to 'aria-label' since it isn't a known property of 'button'. [plugin angular-compiler]

    src/app/tic-tac-toe.component.html:16:8:
      16 │         aria-label="Cell {{ri+1}},{{ci+1}}"
         ╵         ~~~~~~~~~~~~~~~~~~~~~~~~~~~~~~~~~~~

  Error occurs in the template of component TicTacToeComponent.

    src/app/tic-tac-toe.component.ts:9:15:
      9 │   templateUrl: './tic-tac-toe.component.html',
        ╵                ~~~~~~~~~~~~~~~~~~~~~~~~~~~~~~


❯ Changes detected. Rebuilding...
✔ Changes detected. Rebuilding...
Browser bundles     
Initial chunk files  | Names            |  Raw size
polyfills.js         | polyfills        |  90.20 kB | 
main.js              | main             |  11.44 kB | 
styles.css           | styles           |  95 bytes | 

                     | Initial total    | 101.73 kB


Server bundles      
Initial chunk files  | Names            |  Raw size
polyfills.server.mjs | polyfills.server | 572.91 kB | 
chunk-R7S6FFZO.mjs   | -                |  11.88 kB | 
server.mjs           | server           |   1.39 kB | 
main.server.mjs      | main.server      | 800 bytes | 

Application bundle generation complete. [0.338 seconds]

Page reload sent to client(s).
2:45:05 PM [vite] (client) ✨ new dependencies optimized: @angular/common
2:45:05 PM [vite] (client) ✨ optimized dependencies changed. reloading
